<html>
<body>
<pre>
<h1>µVision Build Log</h1>
<h2>Tool Versions:</h2>
IDE-Version: µVision V5.37.0.0
Copyright (C) 2022 ARM Ltd and ARM Germany GmbH. All rights reserved.
License Information: Oluwatomisin Ajayi, Carleton University, LIC=----
 
Tool Versions:
Toolchain:       MDK-Lite  Version: 5.37.0.0
Toolchain Path:  C:\Keil_v5\ARM\ARM_Compiler_5.06.7\Bin
C Compiler:      Armcc.exe V5.06 update 7 (build 960)
Assembler:       Armasm.exe V5.06 update 7 (build 960)
Linker/Locator:  ArmLink.exe V5.06 update 7 (build 960)
Library Manager: ArmAr.exe V5.06 update 7 (build 960)
Hex Converter:   FromElf.exe V5.06 update 7 (build 960)
CPU DLL:         SARMCM3.DLL V5.37.0.0
Dialog DLL:      DCM.DLL V1.17.5.0
Target DLL:      CMSIS_AGDI.dll V1.33.12.0
Dialog DLL:      TCM.DLL V1.56.1.0
 
<h2>Project:</h2>
C:\Users\Oluwatomisin Ajayi\Documents\carleton\books\3rd year\1st semester\SYSC 3310\Labs\Keil Programs\Lab5practice\Lab5practice.uvprojx
Project File Date:  12/19/2022

<h2>Output:</h2>
*** Using Compiler 'V5.06 update 7 (build 960)', folder: 'C:\Keil_v5\ARM\ARM_Compiler_5.06.7\Bin'
Build target 'Target 1'
compiling main.c...
main.c(4): warning:  #69-D: integer conversion resulted in truncation
  uint16_t timer[3]={163840,98304,32768};
main.c(4): warning:  #69-D: integer conversion resulted in truncation
  uint16_t timer[3]={163840,98304,32768};
main.c: 2 warnings, 0 errors
linking...
Program Size: Code=924 RO-data=356 RW-data=12 ZI-data=612  
".\Objects\Lab5practice.axf" - 0 Error(s), 2 Warning(s).

<h2>Software Packages used:</h2>

Package Vendor: ARM
                http://www.keil.com/pack/ARM.CMSIS.5.9.0.pack
                ARM.CMSIS.5.9.0
                CMSIS (Common Microcontroller Software Interface Standard)
   * Component: CORE Version: 5.6.0

Package Vendor: TexasInstruments
                http://software-dl.ti.com/msp430/msp430_public_sw/mcu/msp430/msp432cmsis/latest/exports/TexasInstruments.MSP432P4xx_DFP.3.2.6.pack
                TexasInstruments.MSP432P4xx_DFP.3.2.6
                Device Family Pack for Texas Instruments SimpleLink(TM) MSP432 Series
   * Component: Startup Version: 3.2.2

<h2>Collection of Component include folders:</h2>
  ./RTE/_Target_1
  C:/Users/Oluwatomisin Ajayi/AppData/Local/Arm/Packs/ARM/CMSIS/5.9.0/CMSIS/Core/Include
  C:/Users/Oluwatomisin Ajayi/AppData/Local/Arm/Packs/TexasInstruments/MSP432P4xx_DFP/3.2.6/Device/Include

<h2>Collection of Component Files used:</h2>

   * Component: ARM::CMSIS:CORE:5.6.0

   * Component: TexasInstruments::Device:Startup:3.2.2
      Include file:  Device/Include/msp_compatibility.h
      Source file:   Examples/BlinkLED/blinkLED.c
      Source file:   Examples/EmptyMain/main.c
      Source file:   Device/Source/system_msp432p401r.c
      Source file:   Device/Source/startup_msp432p401r_uvision.s
Build Time Elapsed:  00:00:01
</pre>
</body>
</html>
